---
source: crates/dimo-pdf/tests/balloons.rs
expression: print
---
image: 396 x 306 px
cells: 12 px, grid 33 x 26
grid sha256: 3d1a5d4183d379159f5151d0d4d73f68dc597e57109eef9c3997d105f4c9801f

|.+++++++++++++++++++++++++++++++.|
|+                               +|
|+    .   +   +                  +|
|+   .+. .+...+       .+.        +|
|+  ++++++++#++++    +++++       +|
|+  +++++++++++++  .+++.+++.     +|
|+  +++++.+++++++++++++. .+++.   +|
|+  ++++   .+++++  .+++++.+++++  +|
|+  ++++++++.+.++    ++++++.++++ +|
|+  +++++++.+++++     .+++++++++ +|
|+ .#++++++++++++       .+++++.  +|
|+ .#+++++. .             .++    +|
|+ .++++++.                      +|
|+                               +|
|+                               +|
|+           +.+.       +++      +|
|+           ++++++     +++      +|
|+  +++++++++++++++    +++++++   +|
|+  ++++++++++++++.    +++++++   +|
|+  .............      .......   +|
|+                               +|
|+                               +|
|+                     .++++++++++|
|+                     +####++++++|
|.++++++++++++++++++++++##+++++++.|
|    .   +   .   +   .   +   .    |
