---
source: crates/dimo-pdf/tests/pdfium.rs
expression: "fingerprint(&img, 12)"
---
image: 396 x 306 px
cells: 12 px, grid 33 x 26
grid sha256: 855b132075920f49782197ffe453f3f926b15d1775a258f0428b52d6bc0feaf5

|.+++++++++++++++++++++++++++++++.|
|+                               +|
|+                               +|
|+   ... .+...+       .+.        +|
|+  ++++++++#++++    +++++       +|
|+  +++++++++++++  .+++.+++.     +|
|+  +.++..++++.++. ++++. .+++.   +|
|+  ++++   .+++++  .+++++.+++++  +|
|+  ++++++++.+.++    ++++++.++++ +|
|+  +++++++.+++++     .+++++++++ +|
|+ .++++++++++++.       .+++++.  +|
|+ .++++++. .             .++    +|
|+ .++++++.                      +|
|+                               +|
|+                               +|
|+           +.+.       +.+      +|
|+           +++++.     +++      +|
|+  +++++++++++++++    +++++++   +|
|+  ++++++++++++++.    +++++++   +|
|+  .............      .......   +|
|+                               +|
|+                               +|
|+                     .++++++++++|
|+                     +####++++++|
|.++++++++++++++++++++++##+++++++.|
|    .   +   .   +   .   +   .    |
